> library("ISwR")
> #Question 1
> juul
       age menarche sex igf1 tanner testvol
1       NA       NA  NA   90     NA      NA
2       NA       NA  NA   88     NA      NA
3       NA       NA  NA  164     NA      NA
4       NA       NA  NA  166     NA      NA
5       NA       NA  NA  131     NA      NA
6     0.17       NA   1  101      1      NA
7     0.17       NA   1   97      1      NA
8     0.17       NA   1  106      1      NA
9     0.17       NA   1  111      1      NA
10    0.17       NA   1   79      1      NA
11    0.17       NA   1   43      1      NA
12    0.17       NA   1   64      1      NA
13    0.25       NA   1   90      1      NA
14    0.25       NA   1  141      1      NA
15    0.42       NA   1   42      1      NA
16    0.50       NA   1   43      1      NA
17    0.67       NA   1  132      1      NA
18    0.75       NA   1   43      1      NA
19    0.75       NA   1   36      1      NA
20    1.00       NA   1   86      1      NA
21    1.16       NA   1   44      1      NA
22    1.50       NA   1   68      1      NA
23    1.50       NA   1   89      1      NA
24    1.58       NA   1  101      1      NA
25    1.67       NA   1  115      1      NA
26    1.67       NA   1   53      1      NA
27    1.75       NA   1   94      1      NA
28    1.83       NA   1   95      1      NA
29    1.92       NA   1   76      1      NA
30    2.00       NA   1   79      1      NA
31    2.00       NA   1   71      1      NA
32    2.20       NA   1  121      1      NA
33    2.41       NA   1  201      1      NA
34    2.42       NA   1   96      1      NA
35    2.42       NA   1   29      1      NA
36    2.83       NA   1   80      1      NA
37    3.00       NA   1  117      1      NA
38    3.08       NA   1   38      1      NA
39    3.08       NA   1  100      1      NA
40    3.16       NA   1  108      1      NA
41    3.16       NA   1   52      1      NA
42    4.08       NA   1  106      1      NA
43    4.16       NA   1  182      1      NA
44    4.66       NA   1  195      1      NA
45    4.83       NA   1  210      1      NA
46    4.92       NA   1  204      1      NA
47    5.16       NA   1   67      1      NA
48    5.28       NA   1   NA      1       1
49    5.41       NA   1   68      1      NA
50    5.50       NA   1  148      1      NA
51    5.60       NA   1   NA      1       1
52    5.85       NA   1   NA      1       1
53    5.98       NA   1   NA      1       1
54    5.98       NA   1   NA      1       1
55    6.00       NA   1   98      1       1
56    6.01       NA   1   NA      1       1
57    6.08       NA   1  242      1       1
58    6.16       NA   1   NA      1       1
59    6.20       NA   1   NA      1       1
60    6.22       NA   1   NA      1       1
61    6.26       NA   1  196      1       1
62    6.30       NA   1   NA      1       1
63    6.35       NA   1   NA      1       1
64    6.40       NA   1   NA      1       1
65    6.40       NA   1   NA      1       1
66    6.40       NA   1  179      1       1
67    6.41       NA   1   NA      1       1
68    6.42       NA   1   NA      1       1
69    6.42       NA   1  126      1       1
70    6.43       NA   1   NA      1       1
71    6.43       NA   1  142      1       1
72    6.48       NA   1   NA      1       1
73    6.49       NA   1   NA      1       1
74    6.50       NA   1   NA      1       1
75    6.51       NA   1   NA      1       1
76    6.51       NA   1   NA      1       1
77    6.58       NA   1   NA      1       1
78    6.60       NA   1   NA      1       1
79    6.61       NA   1   NA      1       1
80    6.61       NA   1  236      1       1
81    6.63       NA   1  148      1       2
82    6.64       NA   1   NA      1       1
83    6.70       NA   1  174      1       1
84    6.72       NA   1  136      1       1
85    6.72       NA   1  164      1       1
86    6.76       NA   1  160      1       1
87    6.84       NA   1  215      1       1
88    6.86       NA   1   NA      1       1
89    6.87       NA   1   NA      1       1
90    6.89       NA   1  214     NA      NA
91    6.90       NA   1   NA      1       1
92    6.90       NA   1   NA      1       1
93    6.90       NA   1  328      1       1
94    6.91       NA   1  367      1       1
95    6.93       NA   1   NA      1       1
96    6.94       NA   1   NA      1       1
97    6.97       NA   1   NA      1       1
98    6.98       NA   1   NA      1       1
99    7.01       NA   1   NA      1       1
100   7.04       NA   1  149      1       1
101   7.07       NA   1   NA      1       1
102   7.07       NA   1  187      1       1
103   7.08       NA   1   NA      1       1
104   7.22       NA   1  103      1       1
105   7.24       NA   1   NA      1       1
106   7.24       NA   1  145      1       1
107   7.25       NA   1   NA      1       1
108   7.25       NA   1  117      1       1
109   7.26       NA   1   88      1       1
110   7.29       NA   1   NA      1       1
111   7.29       NA   1  186      1       1
112   7.30       NA   1  235      1       1
113   7.36       NA   1   NA      1       1
114   7.47       NA   1   NA      1       1
115   7.48       NA   1  300      1       1
116   7.49       NA   1  188      1       1
117   7.50       NA   1   NA      1       1
118   7.50       NA   1  110      1       1
119   7.50       NA   1  198      1       1
120   7.54       NA   1  134      1       1
121   7.54       NA   1   46      1       1
122   7.64       NA   1   NA      1       1
123   7.79       NA   1   NA      1       1
124   7.81       NA   1   NA      1       1
125   7.82       NA   1   NA      1       1
126   7.88       NA   1  221      1       1
127   7.90       NA   1  225      1       1
128   8.01       NA   1   NA      1       1
129   8.04       NA   1   NA      1       1
130   8.09       NA   1  166      1       1
131   8.10       NA   1  324      1       1
132   8.11       NA   1   NA      1       1
133   8.14       NA   1  146      1       1
134   8.19       NA   1  485      1       1
135   8.20       NA   1  152      1       1
136   8.25       NA   1  278      1       1
137   8.27       NA   1  315      1       2
138   8.30       NA   1  206      1       1
139   8.31       NA   1  624      1       1
140   8.33       NA   1  318      1       1
141   8.33       NA   1  187      1       1
142   8.37       NA   1  141      1       1
143   8.39       NA   1   NA      1       1
144   8.44       NA   1  152      1       1
145   8.44       NA   1  219      1       1
146   8.54       NA   1  169      1       1
147   8.55       NA   1   NA      1       3
148   8.62       NA   1  115      1       1
149   8.64       NA   1  223      1       1
150   8.64       NA   1  295      1       1
151   8.65       NA   1   NA      1       1
152   8.65       NA   1  117      1       1
153   8.68       NA   1  416      1       1
154   8.69       NA   1   NA      1       1
155   8.69       NA   1  149      1       2
156   8.72       NA   1   NA      1       1
157   8.80       NA   1  160      1       1
158   8.80       NA   1   99      1       1
159   8.83       NA   1   NA      1       1
160   8.83       NA   1  490      1       1
161   8.85       NA   1   NA      1       1
162   8.86       NA   1   NA      1       1
163   8.88       NA   1   NA      1       1
164   8.89       NA   1  101      1       1
165   8.90       NA   1  238      1       1
166   8.91       NA   1  283      1       1
 [ reached getOption("max.print") -- omitted 1173 rows ]
> str(juul)
'data.frame':	1339 obs. of  6 variables:
 $ age     : num  NA NA NA NA NA 0.17 0.17 0.17 0.17 0.17 ...
 $ menarche: int  NA NA NA NA NA NA NA NA NA NA ...
 $ sex     : num  NA NA NA NA NA 1 1 1 1 1 ...
 $ igf1    : num  90 88 164 166 131 101 97 106 111 79 ...
 $ tanner  : int  NA NA NA NA NA 1 1 1 1 1 ...
 $ testvol : int  NA NA NA NA NA NA NA NA NA NA ...
> #This shows the structure that there are 1339 observations and 6 variables: age as numeric, menarche as int, sex as numeric, igf1 as numeric, tanner as int, testvol as int.
> head(juul)
   age menarche sex igf1 tanner testvol
1   NA       NA  NA   90     NA      NA
2   NA       NA  NA   88     NA      NA
3   NA       NA  NA  164     NA      NA
4   NA       NA  NA  166     NA      NA
5   NA       NA  NA  131     NA      NA
6 0.17       NA   1  101      1      NA
> #This shows the first six observations, where most of the values are not recorded
> 
> 
> par(mfrow = c(2,2))
> #igf1 is already numeric, while tanner is int so it is converted using the as.factor()
> plot(lm(formula = igf1 ~as.factor(tanner) , data = juul), which= 1:4)
> #The residuals vs. fitted shows that the spread of the variables across the line y=0 is even,
> #Therefore there is no evidence of any non-linear relation between the two variables.
> 
> #The normal q-q plot shows that the residuals are almost normally distributed.
> #There is an almost straight line observed, therefore the residuals are normally distributed
> 
> #The Scale-location plot shows that the variance of the residuals is the same across the explanatory variable
> #Because there is an almost horizontal line, the residuals have the same variance across the explanatory variable
> 
> #The Cook's distance plot shows that the values at observation numbers which have the most effect on the relation
> #918, 355 and 335 observation numbers have the most effect on the linear relationship of the response and the explanatory variable.
> 
> anova(lm(igf1~as.factor(tanner),data=juul))
Analysis of Variance Table

Response: igf1
                   Df   Sum Sq Mean Sq F value    Pr(>F)    
as.factor(tanner)   4 12696217 3174054  228.35 < 2.2e-16 ***
Residuals         787 10939116   13900                      
---
Signif. codes:  0 ‘***’ 0.001 ‘**’ 0.01 ‘*’ 0.05 ‘.’ 0.1 ‘ ’ 1
> #without using the multiple testing correction, the omnibust p-value is very small 2.2e-16.
> #hence there is strong evidence of a correlation between the response and the explanatory variable.
> #Then usin the pairwise t.test and using FWER (both Holm and Bonferroni)
> pairwise.t.test(juul$igf1,as.factor(juul$tanner),data=juul, p.adj = "bonferroni")

	Pairwise comparisons using t tests with pooled SD 

data:  juul$igf1 and as.factor(juul$tanner) 

  1       2       3     4    
2 < 2e-16 -       -     -    
3 < 2e-16 9.9e-08 -     -    
4 < 2e-16 5.5e-13 1.000 -    
5 < 2e-16 1.3e-11 1.000 0.048

P value adjustment method: bonferroni 
> #The Bonferroni and the Holm both give similar results. The p-value is very small for comparing the factor1 with all other factors.
> #Both in Bonferroni and Holm it is 2e-16, also factor2 with other factors is very small in the e-08 exponents. 
> #Therefore the factor2 and factor1 are very different from other factors and have a difference of means that is large
> #factor 3 however has a very high p-value of 1 in Bonferroni and 0.4 in Holm. Therefore this is strong evidence that the factor 3 is not different from the other factors
> #The factor 4 and 5 also have a relatively different mean.
> pairwise.t.test(juul$igf1,as.factor(juul$tanner),data=juul, p.adj = "holm")

	Pairwise comparisons using t tests with pooled SD 

data:  juul$igf1 and as.factor(juul$tanner) 

  1       2       3     4    
2 < 2e-16 -       -     -    
3 < 2e-16 3.9e-08 -     -    
4 < 2e-16 3.3e-13 0.407 -    
5 < 2e-16 6.3e-12 0.407 0.015

P value adjustment method: holm 
> 
> #Then the Tukey HSD is used. This is to get the 95% confidence intervals for the difference of means of the factors.
> val <- aov(lm(igf1~as.factor(tanner),data=juul))
> TukeyHSD(val)
  Tukey multiple comparisons of means
    95% family-wise confidence level

Fit: aov(formula = lm(igf1 ~ as.factor(tanner), data = juul))

$`as.factor(tanner)`
         diff       lwr        upr     p adj
2-1 145.19876 102.55521 187.842307 0.0000000
3-1 275.74955 224.33825 327.160855 0.0000000
4-1 305.54457 259.44053 351.648619 0.0000000
5-1 257.86175 231.94922 283.774277 0.0000000
3-2 130.55079  68.96030 192.141289 0.0000001
4-2 160.34581 103.11077 217.580857 0.0000000
5-2 112.66299  69.98130 155.344674 0.0000000
4-3  29.79502 -34.24013  93.830166 0.7084487
5-3 -17.88781 -69.33075  33.555134 0.8768039
5-4 -47.68283 -93.82215  -1.543501 0.0387805

> 
> plot(TukeyHSD(val))
> #This is illustrated in the graph as an interval.
> #The intervals that cross the dotted line for zero indicate that the pairs have similar means. 
> #The factors 3-1, 4-1, 5-1 are very far apart from the dotted line
> #The 5-4, 4-3, 5-3 have very high p-values and cross the dotted line for 0, therefore their means are similar.
> 
> #======================================================================================================
> #QUESTION 2
> #It is an observational study because just the gene expression of the people suffering from acute lymphoblastic leukemia and normal people was studied.
> #There was no other extermal variable introduced
> library("multtest","qvalue")
> load("ALLsfilt.RData")
> str(ALLsfilt)
 num [1:8812, 1:79] 7.6 5.05 5.9 5.93 8.57 ...
 - attr(*, "dimnames")=List of 2
  ..$ : chr [1:8812] "1000_at" "1001_at" "1003_s_at" "1004_at" ...
  ..$ : chr [1:79] "01005" "01010" "03002" "04007" ...
> gene_names <- dimnames(ALLsfilt)[1]
> #The structure that it has 8812 rows of different genes and 79 columns of 79 different individuals
> mol.biol
 [1] BCR/ABL NEG     BCR/ABL NEG     NEG     NEG     NEG     NEG     BCR/ABL BCR/ABL NEG     NEG     BCR/ABL
[14] NEG     BCR/ABL BCR/ABL BCR/ABL BCR/ABL NEG     BCR/ABL BCR/ABL NEG     BCR/ABL NEG     BCR/ABL NEG    
[27] BCR/ABL NEG     BCR/ABL BCR/ABL NEG     BCR/ABL BCR/ABL BCR/ABL NEG     BCR/ABL NEG     NEG     NEG    
[40] BCR/ABL BCR/ABL BCR/ABL NEG     NEG     NEG     NEG     BCR/ABL BCR/ABL NEG     NEG     NEG     NEG    
[53] BCR/ABL NEG     NEG     NEG     NEG     NEG     BCR/ABL BCR/ABL NEG     NEG     BCR/ABL BCR/ABL NEG    
[66] NEG     NEG     NEG     BCR/ABL NEG     BCR/ABL BCR/ABL BCR/ABL NEG     NEG     BCR/ABL NEG     BCR/ABL
[79] BCR/ABL
Levels: BCR/ABL NEG
> #initializing the cancer vectors and the control vectors to null
> cancer_vector = c()
> control_vector = c()
> #running the loop to check which rows correspond to the control and which to the cancer
> for (i in 1:length(mol.biol)){
+   if (mol.biol[i] == "NEG"){
+     control_vector <- append(x=control_vector,values=i)
+   }
+   else{
+     cancer_vector <- append(x=cancer_vector,values=i)
+   }
+ }
> #print out the vectors to see which has what indeces of the row numbers
> cancer_vector
 [1]  1  3  9 10 13 15 16 17 18 20 21 23 25 27 29 30 32 33 34 36 40 41 42 47 48 53 59 60 63 64 69 71 72 73 76
[36] 78 79
> control_vector
 [1]  2  4  5  6  7  8 11 12 14 19 22 24 26 28 31 35 37 38 39 43 44 45 46 49 50 51 52 54 55 56 57 58 61 62 65
[36] 66 67 68 70 74 75 77
> #initializing the result vector to null
> result <- NULL
> #running the loop where the t-test is conducted on the values of that gene at the normal and the defective level
> for (i in 1:nrow(ALLsfilt)){
+   result[i]<- t.test(ALLsfilt[i,cancer_vector],ALLsfilt[i,control_vector], var.equal = TRUE, paired = F)$p.value
+ }
> 
> #creating a histogram of the p-values collected in the result vector
> hist(result,col = "blue", breaks = 30 )
> #the features of the distribution include that it has a background of null distribution but a peak close to zero. 
> #This shows that there are about 1100 genes that are deferentially expressed in a normal and cancer person
> #All the other genes are divided into 400-500 sets that have a uniform p-value distribution and come form the null distribution
> 
> library(multtest)
> library(qvalue)
> #Thhis mt is to check all the corrections: Bonferroni, Holm and BH.
> mt <- mt.rawp2adjp(result, proc=c("Bonferroni","Holm","BH"))
> #this is to get the q-values, adjusted p-values, from the q-values func in the library
> q.storey <- qvalue(sort(result))$qvalues
> #This is to create a data frame of the adjuted p-values obtained from all the corrections
> d_null_fdr <- data.frame(mt$adjp, q.storey)
> #This is just to check the first three rows of the matrix and check for the adjusted p-values.
> d_null_fdr[1:3,]
          rawp   Bonferroni         Holm           BH     q.storey
1 3.762489e-14 3.315506e-10 3.315506e-10 3.315506e-10 2.650935e-10
2 4.791997e-13 4.222708e-09 4.222229e-09 2.111354e-09 1.688147e-09
3 2.445693e-10 2.155145e-06 2.154656e-06 7.183816e-07 5.743868e-07
> #Then the number of genes that are differentially expressed and have less tha 20% false positives are calculated using the apply method below
> apply(d_null_fdr, 2, function(x) sum(x < 0.2))
      rawp Bonferroni       Holm         BH   q.storey 
      2713         42         42        593        719 
> # this shows that the FWER Bonferroni and Holm correction is very conservative and gives only 42 differentially expressed genes with p-value less than 0.2
> #This is because the error is bound to the whole family of tests 
> #The raw-p-values are very small and give a huge 2713 differentially expressed genes with multiple testing correction
> #Therefore the FDR are less conservaive and gives meaningful error control with large numbers of genes tested
> #The adjusted result below is therefore set to the FDR Benjamini-Hockberg column of p-values.
> adjusted_result <- d_null_fdr$BH
> adjusted_result
   [1] 3.315506e-10 2.111354e-09 7.183816e-07 2.821848e-06 9.279293e-06 3.505964e-05 3.505964e-05
   [8] 1.692111e-04 2.546626e-04 4.178149e-04 4.865653e-04 5.129705e-04 5.581461e-04 6.291451e-04
  [15] 6.291451e-04 6.291451e-04 6.291451e-04 6.291451e-04 6.291451e-04 1.203759e-03 1.203759e-03
  [22] 1.203759e-03 1.277091e-03 1.914038e-03 1.949143e-03 1.949143e-03 1.949143e-03 1.949143e-03
  [29] 2.191981e-03 2.226109e-03 2.759167e-03 2.875853e-03 3.501076e-03 3.501076e-03 3.867342e-03
  [36] 3.905386e-03 4.062710e-03 4.201122e-03 4.201122e-03 4.296861e-03 4.346277e-03 4.511296e-03
  [43] 4.678498e-03 4.678498e-03 4.678498e-03 4.689223e-03 4.689223e-03 4.689223e-03 4.846819e-03
  [50] 5.408830e-03 5.626423e-03 5.626423e-03 5.874063e-03 5.874063e-03 5.874063e-03 6.624842e-03
  [57] 7.019045e-03 7.303514e-03 7.314991e-03 7.500165e-03 7.819780e-03 7.819780e-03 7.884757e-03
  [64] 8.410570e-03 9.064052e-03 9.258102e-03 9.480390e-03 9.480390e-03 9.480390e-03 1.021460e-02
  [71] 1.028361e-02 1.053051e-02 1.053051e-02 1.099002e-02 1.099566e-02 1.127295e-02 1.127295e-02
  [78] 1.127295e-02 1.127295e-02 1.127295e-02 1.162305e-02 1.173503e-02 1.173503e-02 1.173503e-02
  [85] 1.173503e-02 1.173503e-02 1.182982e-02 1.291260e-02 1.291260e-02 1.291260e-02 1.321376e-02
  [92] 1.326860e-02 1.326860e-02 1.368416e-02 1.390248e-02 1.390248e-02 1.390248e-02 1.390248e-02
  [99] 1.390248e-02 1.390248e-02 1.390645e-02 1.390645e-02 1.455889e-02 1.488857e-02 1.501025e-02
 [106] 1.580919e-02 1.580919e-02 1.592183e-02 1.592183e-02 1.592183e-02 1.592183e-02 1.592183e-02
 [113] 1.592183e-02 1.596195e-02 1.639700e-02 1.688363e-02 1.695783e-02 1.697118e-02 1.932237e-02
 [120] 1.932237e-02 1.942796e-02 1.942796e-02 1.952838e-02 1.962842e-02 2.044912e-02 2.074088e-02
 [127] 2.093225e-02 2.235578e-02 2.263095e-02 2.263095e-02 2.263095e-02 2.263095e-02 2.328513e-02
 [134] 2.390322e-02 2.506036e-02 2.513411e-02 2.513411e-02 2.513411e-02 2.513411e-02 2.518438e-02
 [141] 2.551387e-02 2.598750e-02 2.791333e-02 2.879806e-02 2.879806e-02 2.879806e-02 2.915607e-02
 [148] 2.981781e-02 2.981781e-02 2.981781e-02 3.029097e-02 3.036380e-02 3.064402e-02 3.125336e-02
 [155] 3.125336e-02 3.125336e-02 3.125336e-02 3.145734e-02 3.148147e-02 3.314687e-02 3.372072e-02
 [162] 3.431769e-02 3.435092e-02 3.435092e-02 3.450203e-02 3.460887e-02 3.506081e-02 3.506081e-02
 [169] 3.580178e-02 3.611861e-02 3.615976e-02 3.729525e-02 3.729525e-02 3.729525e-02 3.754838e-02
 [176] 3.803762e-02 3.897552e-02 3.927582e-02 3.984650e-02 3.984650e-02 4.022821e-02 4.022821e-02
 [183] 4.036471e-02 4.036471e-02 4.073147e-02 4.073147e-02 4.074854e-02 4.305716e-02 4.324347e-02
 [190] 4.324347e-02 4.324347e-02 4.470417e-02 4.535046e-02 4.562590e-02 4.573247e-02 4.693793e-02
 [197] 4.788900e-02 4.816057e-02 4.848326e-02 4.867686e-02 4.982322e-02 5.355315e-02 5.355315e-02
 [204] 5.396393e-02 5.420304e-02 5.443081e-02 5.606652e-02 5.606652e-02 5.606652e-02 5.613423e-02
 [211] 5.748162e-02 5.803177e-02 5.824151e-02 5.824151e-02 5.918490e-02 5.918490e-02 5.918490e-02
 [218] 5.918490e-02 5.971330e-02 5.989116e-02 5.989116e-02 5.989696e-02 6.040645e-02 6.040645e-02
 [225] 6.060066e-02 6.078986e-02 6.166365e-02 6.167248e-02 6.248260e-02 6.284172e-02 6.477372e-02
 [232] 6.518704e-02 6.534123e-02 6.534123e-02 6.657600e-02 6.676769e-02 6.764451e-02 6.764451e-02
 [239] 6.779602e-02 6.930307e-02 6.930307e-02 6.946381e-02 6.953808e-02 6.953808e-02 6.958760e-02
 [246] 6.958760e-02 7.058030e-02 7.168332e-02 7.168332e-02 7.242467e-02 7.306551e-02 7.395267e-02
 [253] 7.395267e-02 7.435098e-02 7.437303e-02 7.437303e-02 7.437303e-02 7.531289e-02 7.531289e-02
 [260] 7.587258e-02 7.662197e-02 7.689160e-02 7.768509e-02 7.768509e-02 7.777265e-02 7.802399e-02
 [267] 7.802399e-02 7.802399e-02 7.876537e-02 7.887829e-02 8.117768e-02 8.272141e-02 8.272141e-02
 [274] 8.272141e-02 8.290525e-02 8.290525e-02 8.421573e-02 8.525334e-02 8.525334e-02 8.525334e-02
 [281] 8.576169e-02 8.596629e-02 8.596629e-02 8.596629e-02 8.596629e-02 8.596629e-02 8.596629e-02
 [288] 8.628909e-02 8.694631e-02 8.703248e-02 8.749613e-02 8.783790e-02 8.819696e-02 8.819696e-02
 [295] 8.819696e-02 8.819696e-02 8.819696e-02 9.064355e-02 9.158865e-02 9.305006e-02 9.321640e-02
 [302] 9.369726e-02 9.408274e-02 9.581333e-02 9.726642e-02 9.726642e-02 9.831402e-02 9.858174e-02
 [309] 9.974616e-02 9.974616e-02 9.985370e-02 9.992752e-02 9.992752e-02 9.992752e-02 1.003492e-01
 [316] 1.010686e-01 1.021571e-01 1.021571e-01 1.021571e-01 1.023334e-01 1.023334e-01 1.023334e-01
 [323] 1.023334e-01 1.023334e-01 1.023616e-01 1.023681e-01 1.036894e-01 1.036894e-01 1.048806e-01
 [330] 1.053955e-01 1.062300e-01 1.062300e-01 1.062300e-01 1.062300e-01 1.090024e-01 1.090024e-01
 [337] 1.101509e-01 1.101509e-01 1.101509e-01 1.101509e-01 1.101509e-01 1.104741e-01 1.104741e-01
 [344] 1.104741e-01 1.104741e-01 1.104741e-01 1.106679e-01 1.106679e-01 1.130516e-01 1.130516e-01
 [351] 1.146433e-01 1.148428e-01 1.149778e-01 1.163865e-01 1.165393e-01 1.174743e-01 1.174743e-01
 [358] 1.184698e-01 1.191302e-01 1.191302e-01 1.194742e-01 1.205995e-01 1.207923e-01 1.207923e-01
 [365] 1.235619e-01 1.235619e-01 1.240419e-01 1.240419e-01 1.240419e-01 1.247206e-01 1.249386e-01
 [372] 1.251770e-01 1.270892e-01 1.271916e-01 1.274345e-01 1.276231e-01 1.277076e-01 1.277076e-01
 [379] 1.282965e-01 1.282965e-01 1.282965e-01 1.282965e-01 1.282965e-01 1.282965e-01 1.299253e-01
 [386] 1.304818e-01 1.304818e-01 1.304818e-01 1.304818e-01 1.306885e-01 1.315915e-01 1.315915e-01
 [393] 1.315915e-01 1.315915e-01 1.315915e-01 1.317210e-01 1.317210e-01 1.317210e-01 1.324532e-01
 [400] 1.326604e-01 1.326604e-01 1.326604e-01 1.326604e-01 1.326604e-01 1.330659e-01 1.330659e-01
 [407] 1.332978e-01 1.343488e-01 1.367069e-01 1.380847e-01 1.387211e-01 1.388123e-01 1.397853e-01
 [414] 1.397853e-01 1.412771e-01 1.429433e-01 1.436586e-01 1.442880e-01 1.451857e-01 1.451857e-01
 [421] 1.451857e-01 1.452968e-01 1.454053e-01 1.454053e-01 1.454053e-01 1.454053e-01 1.454053e-01
 [428] 1.465969e-01 1.475958e-01 1.475958e-01 1.477970e-01 1.477970e-01 1.477970e-01 1.477970e-01
 [435] 1.485513e-01 1.490669e-01 1.493593e-01 1.493593e-01 1.494466e-01 1.496128e-01 1.501669e-01
 [442] 1.508532e-01 1.515361e-01 1.515361e-01 1.521743e-01 1.522907e-01 1.538497e-01 1.538497e-01
 [449] 1.550643e-01 1.563750e-01 1.563750e-01 1.564653e-01 1.577778e-01 1.577778e-01 1.577778e-01
 [456] 1.577778e-01 1.577778e-01 1.577778e-01 1.588494e-01 1.588665e-01 1.595972e-01 1.595972e-01
 [463] 1.612631e-01 1.614222e-01 1.616514e-01 1.616514e-01 1.617425e-01 1.617425e-01 1.629578e-01
 [470] 1.632072e-01 1.632072e-01 1.632072e-01 1.632072e-01 1.632072e-01 1.632072e-01 1.632072e-01
 [477] 1.635080e-01 1.663042e-01 1.679810e-01 1.679810e-01 1.679810e-01 1.681964e-01 1.681964e-01
 [484] 1.681964e-01 1.690640e-01 1.693818e-01 1.694964e-01 1.704084e-01 1.705966e-01 1.705966e-01
 [491] 1.705966e-01 1.705966e-01 1.705966e-01 1.705966e-01 1.705966e-01 1.705966e-01 1.705966e-01
 [498] 1.712010e-01 1.723118e-01 1.732041e-01 1.733750e-01 1.733750e-01 1.733750e-01 1.736868e-01
 [505] 1.736868e-01 1.736868e-01 1.755446e-01 1.755446e-01 1.756958e-01 1.756958e-01 1.756958e-01
 [512] 1.756958e-01 1.756958e-01 1.756958e-01 1.757995e-01 1.757995e-01 1.757995e-01 1.757995e-01
 [519] 1.757995e-01 1.757995e-01 1.757995e-01 1.766647e-01 1.767623e-01 1.784993e-01 1.787921e-01
 [526] 1.793066e-01 1.793066e-01 1.793066e-01 1.797224e-01 1.797224e-01 1.799036e-01 1.799036e-01
 [533] 1.799036e-01 1.799036e-01 1.799036e-01 1.799036e-01 1.799036e-01 1.800515e-01 1.800515e-01
 [540] 1.801835e-01 1.826232e-01 1.826232e-01 1.826232e-01 1.826232e-01 1.826232e-01 1.830349e-01
 [547] 1.830349e-01 1.838814e-01 1.838814e-01 1.838814e-01 1.838814e-01 1.841072e-01 1.845872e-01
 [554] 1.866965e-01 1.866965e-01 1.877706e-01 1.877706e-01 1.877706e-01 1.877706e-01 1.878375e-01
 [561] 1.880027e-01 1.880027e-01 1.883304e-01 1.896762e-01 1.896762e-01 1.898183e-01 1.900846e-01
 [568] 1.901191e-01 1.901708e-01 1.902853e-01 1.904391e-01 1.904391e-01 1.922710e-01 1.939512e-01
 [575] 1.939512e-01 1.947524e-01 1.949003e-01 1.950907e-01 1.950907e-01 1.963018e-01 1.963018e-01
 [582] 1.963018e-01 1.963018e-01 1.963018e-01 1.963018e-01 1.963018e-01 1.963018e-01 1.993147e-01
 [589] 1.993147e-01 1.993147e-01 1.999075e-01 1.999075e-01 1.999075e-01 2.008887e-01 2.008887e-01
 [596] 2.015999e-01 2.032762e-01 2.032762e-01 2.032762e-01 2.032762e-01 2.032762e-01 2.032762e-01
 [603] 2.037109e-01 2.041247e-01 2.049101e-01 2.053243e-01 2.053243e-01 2.064168e-01 2.064168e-01
 [610] 2.064168e-01 2.064168e-01 2.064168e-01 2.064950e-01 2.081126e-01 2.081126e-01 2.085280e-01
 [617] 2.085280e-01 2.095807e-01 2.113497e-01 2.113497e-01 2.133986e-01 2.135038e-01 2.147190e-01
 [624] 2.147190e-01 2.147190e-01 2.147190e-01 2.147190e-01 2.175152e-01 2.175152e-01 2.175152e-01
 [631] 2.176097e-01 2.184180e-01 2.191598e-01 2.191598e-01 2.191598e-01 2.191598e-01 2.191598e-01
 [638] 2.191598e-01 2.192518e-01 2.193376e-01 2.213772e-01 2.213772e-01 2.214512e-01 2.225738e-01
 [645] 2.225738e-01 2.225738e-01 2.235737e-01 2.235737e-01 2.235737e-01 2.235737e-01 2.235737e-01
 [652] 2.235737e-01 2.235737e-01 2.249443e-01 2.249861e-01 2.266361e-01 2.268354e-01 2.268354e-01
 [659] 2.270193e-01 2.275511e-01 2.284042e-01 2.284042e-01 2.289638e-01 2.293830e-01 2.293830e-01
 [666] 2.302815e-01 2.302815e-01 2.303846e-01 2.309805e-01 2.311937e-01 2.321601e-01 2.325442e-01
 [673] 2.328994e-01 2.328994e-01 2.329863e-01 2.332100e-01 2.332100e-01 2.332100e-01 2.342875e-01
 [680] 2.342875e-01 2.350262e-01 2.350262e-01 2.358602e-01 2.359007e-01 2.364169e-01 2.385408e-01
 [687] 2.385408e-01 2.395292e-01 2.401447e-01 2.401447e-01 2.401447e-01 2.401447e-01 2.401447e-01
 [694] 2.401447e-01 2.401447e-01 2.401447e-01 2.401447e-01 2.401447e-01 2.401447e-01 2.401447e-01
 [701] 2.403085e-01 2.403085e-01 2.404283e-01 2.406597e-01 2.413028e-01 2.414557e-01 2.427875e-01
 [708] 2.427875e-01 2.464139e-01 2.464139e-01 2.464139e-01 2.464494e-01 2.464494e-01 2.466240e-01
 [715] 2.471576e-01 2.471576e-01 2.480225e-01 2.498280e-01 2.498280e-01 2.505020e-01 2.526936e-01
 [722] 2.530456e-01 2.538377e-01 2.538377e-01 2.538377e-01 2.538377e-01 2.538377e-01 2.551912e-01
 [729] 2.554404e-01 2.554404e-01 2.554404e-01 2.558863e-01 2.559224e-01 2.559624e-01 2.568593e-01
 [736] 2.568593e-01 2.568593e-01 2.568593e-01 2.568593e-01 2.568593e-01 2.568593e-01 2.568593e-01
 [743] 2.568593e-01 2.568593e-01 2.569149e-01 2.604083e-01 2.606015e-01 2.606015e-01 2.612836e-01
 [750] 2.612836e-01 2.612836e-01 2.612836e-01 2.620370e-01 2.625125e-01 2.625936e-01 2.630824e-01
 [757] 2.634400e-01 2.634400e-01 2.640961e-01 2.653419e-01 2.653419e-01 2.653419e-01 2.653419e-01
 [764] 2.653419e-01 2.653419e-01 2.653419e-01 2.653419e-01 2.653419e-01 2.656103e-01 2.656382e-01
 [771] 2.656382e-01 2.673109e-01 2.673109e-01 2.685960e-01 2.685960e-01 2.687110e-01 2.696942e-01
 [778] 2.696942e-01 2.696942e-01 2.696942e-01 2.696942e-01 2.696942e-01 2.696942e-01 2.696942e-01
 [785] 2.696942e-01 2.696942e-01 2.696942e-01 2.696942e-01 2.696942e-01 2.702769e-01 2.703843e-01
 [792] 2.714486e-01 2.714486e-01 2.714486e-01 2.725303e-01 2.725303e-01 2.735816e-01 2.735816e-01
 [799] 2.735816e-01 2.738989e-01 2.751847e-01 2.751847e-01 2.769480e-01 2.772090e-01 2.772846e-01
 [806] 2.772846e-01 2.775946e-01 2.781547e-01 2.781547e-01 2.786959e-01 2.795368e-01 2.803785e-01
 [813] 2.813922e-01 2.813922e-01 2.828933e-01 2.828933e-01 2.828933e-01 2.828933e-01 2.828933e-01
 [820] 2.828933e-01 2.828933e-01 2.829558e-01 2.834178e-01 2.836171e-01 2.836171e-01 2.836171e-01
 [827] 2.836171e-01 2.849547e-01 2.859731e-01 2.867378e-01 2.867433e-01 2.867433e-01 2.867433e-01
 [834] 2.867433e-01 2.870011e-01 2.876829e-01 2.892431e-01 2.903293e-01 2.908681e-01 2.908681e-01
 [841] 2.926106e-01 2.926106e-01 2.927872e-01 2.930740e-01 2.930740e-01 2.935218e-01 2.939865e-01
 [848] 2.939865e-01 2.939865e-01 2.939865e-01 2.939865e-01 2.939865e-01 2.947711e-01 2.950231e-01
 [855] 2.950231e-01 2.950231e-01 2.950231e-01 2.951900e-01 2.951900e-01 2.951900e-01 2.952465e-01
 [862] 2.952465e-01 2.952465e-01 2.952465e-01 2.961197e-01 2.961693e-01 2.962089e-01 2.962251e-01
 [869] 2.964384e-01 2.970679e-01 2.971799e-01 2.971799e-01 2.971799e-01 2.972613e-01 2.984639e-01
 [876] 2.989486e-01 2.992328e-01 3.000450e-01 3.000450e-01 3.000450e-01 3.005891e-01 3.005891e-01
 [883] 3.010536e-01 3.010536e-01 3.010536e-01 3.010536e-01 3.010536e-01 3.014760e-01 3.018044e-01
 [890] 3.024426e-01 3.055760e-01 3.055760e-01 3.057064e-01 3.057064e-01 3.071384e-01 3.074505e-01
 [897] 3.076036e-01 3.076036e-01 3.077915e-01 3.089675e-01 3.089925e-01 3.089925e-01 3.089925e-01
 [904] 3.089925e-01 3.089925e-01 3.089925e-01 3.089925e-01 3.089925e-01 3.089925e-01 3.089925e-01
 [911] 3.097852e-01 3.107929e-01 3.108928e-01 3.111022e-01 3.114723e-01 3.121920e-01 3.121920e-01
 [918] 3.122690e-01 3.122690e-01 3.122690e-01 3.131000e-01 3.131000e-01 3.137880e-01 3.143938e-01
 [925] 3.143938e-01 3.143956e-01 3.146799e-01 3.150323e-01 3.150323e-01 3.150323e-01 3.150323e-01
 [932] 3.151707e-01 3.164584e-01 3.168711e-01 3.168711e-01 3.168711e-01 3.168711e-01 3.169082e-01
 [939] 3.169082e-01 3.169082e-01 3.169082e-01 3.169082e-01 3.169082e-01 3.170676e-01 3.174091e-01
 [946] 3.186382e-01 3.186382e-01 3.186382e-01 3.186382e-01 3.186542e-01 3.188453e-01 3.188453e-01
 [953] 3.189709e-01 3.189709e-01 3.198289e-01 3.198289e-01 3.198289e-01 3.198289e-01 3.214154e-01
 [960] 3.214154e-01 3.214154e-01 3.214154e-01 3.214154e-01 3.215464e-01 3.215464e-01 3.223749e-01
 [967] 3.230180e-01 3.230180e-01 3.230180e-01 3.234028e-01 3.237764e-01 3.237764e-01 3.237764e-01
 [974] 3.241257e-01 3.257782e-01 3.262163e-01 3.268198e-01 3.272845e-01 3.278488e-01 3.279789e-01
 [981] 3.285720e-01 3.286432e-01 3.286432e-01 3.288429e-01 3.289841e-01 3.304973e-01 3.304973e-01
 [988] 3.304973e-01 3.304973e-01 3.304973e-01 3.305780e-01 3.318836e-01 3.318836e-01 3.333021e-01
 [995] 3.333021e-01 3.333677e-01 3.333677e-01 3.333677e-01 3.333677e-01 3.333677e-01
 [ reached getOption("max.print") -- omitted 7812 entries ]
> 
> 
> #set the list of differentially expressed genes to be empty
> list_differential_pval <- c()
> #Run a loop and if the p-value is less than 0.2, add it to the list of differentially expressed
> for (i in 1:length(adjusted_result)){
+   if (adjusted_result[i]<0.2){
+     list_differential_pval<-append(list_differential_pval,adjusted_result[i])
+   }
+ }
> #The list of p-values that are less than 0.2
> list_differential_pval
  [1] 3.315506e-10 2.111354e-09 7.183816e-07 2.821848e-06 9.279293e-06 3.505964e-05 3.505964e-05 1.692111e-04
  [9] 2.546626e-04 4.178149e-04 4.865653e-04 5.129705e-04 5.581461e-04 6.291451e-04 6.291451e-04 6.291451e-04
 [17] 6.291451e-04 6.291451e-04 6.291451e-04 1.203759e-03 1.203759e-03 1.203759e-03 1.277091e-03 1.914038e-03
 [25] 1.949143e-03 1.949143e-03 1.949143e-03 1.949143e-03 2.191981e-03 2.226109e-03 2.759167e-03 2.875853e-03
 [33] 3.501076e-03 3.501076e-03 3.867342e-03 3.905386e-03 4.062710e-03 4.201122e-03 4.201122e-03 4.296861e-03
 [41] 4.346277e-03 4.511296e-03 4.678498e-03 4.678498e-03 4.678498e-03 4.689223e-03 4.689223e-03 4.689223e-03
 [49] 4.846819e-03 5.408830e-03 5.626423e-03 5.626423e-03 5.874063e-03 5.874063e-03 5.874063e-03 6.624842e-03
 [57] 7.019045e-03 7.303514e-03 7.314991e-03 7.500165e-03 7.819780e-03 7.819780e-03 7.884757e-03 8.410570e-03
 [65] 9.064052e-03 9.258102e-03 9.480390e-03 9.480390e-03 9.480390e-03 1.021460e-02 1.028361e-02 1.053051e-02
 [73] 1.053051e-02 1.099002e-02 1.099566e-02 1.127295e-02 1.127295e-02 1.127295e-02 1.127295e-02 1.127295e-02
 [81] 1.162305e-02 1.173503e-02 1.173503e-02 1.173503e-02 1.173503e-02 1.173503e-02 1.182982e-02 1.291260e-02
 [89] 1.291260e-02 1.291260e-02 1.321376e-02 1.326860e-02 1.326860e-02 1.368416e-02 1.390248e-02 1.390248e-02
 [97] 1.390248e-02 1.390248e-02 1.390248e-02 1.390248e-02 1.390645e-02 1.390645e-02 1.455889e-02 1.488857e-02
[105] 1.501025e-02 1.580919e-02 1.580919e-02 1.592183e-02 1.592183e-02 1.592183e-02 1.592183e-02 1.592183e-02
[113] 1.592183e-02 1.596195e-02 1.639700e-02 1.688363e-02 1.695783e-02 1.697118e-02 1.932237e-02 1.932237e-02
[121] 1.942796e-02 1.942796e-02 1.952838e-02 1.962842e-02 2.044912e-02 2.074088e-02 2.093225e-02 2.235578e-02
[129] 2.263095e-02 2.263095e-02 2.263095e-02 2.263095e-02 2.328513e-02 2.390322e-02 2.506036e-02 2.513411e-02
[137] 2.513411e-02 2.513411e-02 2.513411e-02 2.518438e-02 2.551387e-02 2.598750e-02 2.791333e-02 2.879806e-02
[145] 2.879806e-02 2.879806e-02 2.915607e-02 2.981781e-02 2.981781e-02 2.981781e-02 3.029097e-02 3.036380e-02
[153] 3.064402e-02 3.125336e-02 3.125336e-02 3.125336e-02 3.125336e-02 3.145734e-02 3.148147e-02 3.314687e-02
[161] 3.372072e-02 3.431769e-02 3.435092e-02 3.435092e-02 3.450203e-02 3.460887e-02 3.506081e-02 3.506081e-02
[169] 3.580178e-02 3.611861e-02 3.615976e-02 3.729525e-02 3.729525e-02 3.729525e-02 3.754838e-02 3.803762e-02
[177] 3.897552e-02 3.927582e-02 3.984650e-02 3.984650e-02 4.022821e-02 4.022821e-02 4.036471e-02 4.036471e-02
[185] 4.073147e-02 4.073147e-02 4.074854e-02 4.305716e-02 4.324347e-02 4.324347e-02 4.324347e-02 4.470417e-02
[193] 4.535046e-02 4.562590e-02 4.573247e-02 4.693793e-02 4.788900e-02 4.816057e-02 4.848326e-02 4.867686e-02
[201] 4.982322e-02 5.355315e-02 5.355315e-02 5.396393e-02 5.420304e-02 5.443081e-02 5.606652e-02 5.606652e-02
[209] 5.606652e-02 5.613423e-02 5.748162e-02 5.803177e-02 5.824151e-02 5.824151e-02 5.918490e-02 5.918490e-02
[217] 5.918490e-02 5.918490e-02 5.971330e-02 5.989116e-02 5.989116e-02 5.989696e-02 6.040645e-02 6.040645e-02
[225] 6.060066e-02 6.078986e-02 6.166365e-02 6.167248e-02 6.248260e-02 6.284172e-02 6.477372e-02 6.518704e-02
[233] 6.534123e-02 6.534123e-02 6.657600e-02 6.676769e-02 6.764451e-02 6.764451e-02 6.779602e-02 6.930307e-02
[241] 6.930307e-02 6.946381e-02 6.953808e-02 6.953808e-02 6.958760e-02 6.958760e-02 7.058030e-02 7.168332e-02
[249] 7.168332e-02 7.242467e-02 7.306551e-02 7.395267e-02 7.395267e-02 7.435098e-02 7.437303e-02 7.437303e-02
[257] 7.437303e-02 7.531289e-02 7.531289e-02 7.587258e-02 7.662197e-02 7.689160e-02 7.768509e-02 7.768509e-02
[265] 7.777265e-02 7.802399e-02 7.802399e-02 7.802399e-02 7.876537e-02 7.887829e-02 8.117768e-02 8.272141e-02
[273] 8.272141e-02 8.272141e-02 8.290525e-02 8.290525e-02 8.421573e-02 8.525334e-02 8.525334e-02 8.525334e-02
[281] 8.576169e-02 8.596629e-02 8.596629e-02 8.596629e-02 8.596629e-02 8.596629e-02 8.596629e-02 8.628909e-02
[289] 8.694631e-02 8.703248e-02 8.749613e-02 8.783790e-02 8.819696e-02 8.819696e-02 8.819696e-02 8.819696e-02
[297] 8.819696e-02 9.064355e-02 9.158865e-02 9.305006e-02 9.321640e-02 9.369726e-02 9.408274e-02 9.581333e-02
[305] 9.726642e-02 9.726642e-02 9.831402e-02 9.858174e-02 9.974616e-02 9.974616e-02 9.985370e-02 9.992752e-02
[313] 9.992752e-02 9.992752e-02 1.003492e-01 1.010686e-01 1.021571e-01 1.021571e-01 1.021571e-01 1.023334e-01
[321] 1.023334e-01 1.023334e-01 1.023334e-01 1.023334e-01 1.023616e-01 1.023681e-01 1.036894e-01 1.036894e-01
[329] 1.048806e-01 1.053955e-01 1.062300e-01 1.062300e-01 1.062300e-01 1.062300e-01 1.090024e-01 1.090024e-01
[337] 1.101509e-01 1.101509e-01 1.101509e-01 1.101509e-01 1.101509e-01 1.104741e-01 1.104741e-01 1.104741e-01
[345] 1.104741e-01 1.104741e-01 1.106679e-01 1.106679e-01 1.130516e-01 1.130516e-01 1.146433e-01 1.148428e-01
[353] 1.149778e-01 1.163865e-01 1.165393e-01 1.174743e-01 1.174743e-01 1.184698e-01 1.191302e-01 1.191302e-01
[361] 1.194742e-01 1.205995e-01 1.207923e-01 1.207923e-01 1.235619e-01 1.235619e-01 1.240419e-01 1.240419e-01
[369] 1.240419e-01 1.247206e-01 1.249386e-01 1.251770e-01 1.270892e-01 1.271916e-01 1.274345e-01 1.276231e-01
[377] 1.277076e-01 1.277076e-01 1.282965e-01 1.282965e-01 1.282965e-01 1.282965e-01 1.282965e-01 1.282965e-01
[385] 1.299253e-01 1.304818e-01 1.304818e-01 1.304818e-01 1.304818e-01 1.306885e-01 1.315915e-01 1.315915e-01
[393] 1.315915e-01 1.315915e-01 1.315915e-01 1.317210e-01 1.317210e-01 1.317210e-01 1.324532e-01 1.326604e-01
[401] 1.326604e-01 1.326604e-01 1.326604e-01 1.326604e-01 1.330659e-01 1.330659e-01 1.332978e-01 1.343488e-01
[409] 1.367069e-01 1.380847e-01 1.387211e-01 1.388123e-01 1.397853e-01 1.397853e-01 1.412771e-01 1.429433e-01
[417] 1.436586e-01 1.442880e-01 1.451857e-01 1.451857e-01 1.451857e-01 1.452968e-01 1.454053e-01 1.454053e-01
[425] 1.454053e-01 1.454053e-01 1.454053e-01 1.465969e-01 1.475958e-01 1.475958e-01 1.477970e-01 1.477970e-01
[433] 1.477970e-01 1.477970e-01 1.485513e-01 1.490669e-01 1.493593e-01 1.493593e-01 1.494466e-01 1.496128e-01
[441] 1.501669e-01 1.508532e-01 1.515361e-01 1.515361e-01 1.521743e-01 1.522907e-01 1.538497e-01 1.538497e-01
[449] 1.550643e-01 1.563750e-01 1.563750e-01 1.564653e-01 1.577778e-01 1.577778e-01 1.577778e-01 1.577778e-01
[457] 1.577778e-01 1.577778e-01 1.588494e-01 1.588665e-01 1.595972e-01 1.595972e-01 1.612631e-01 1.614222e-01
[465] 1.616514e-01 1.616514e-01 1.617425e-01 1.617425e-01 1.629578e-01 1.632072e-01 1.632072e-01 1.632072e-01
[473] 1.632072e-01 1.632072e-01 1.632072e-01 1.632072e-01 1.635080e-01 1.663042e-01 1.679810e-01 1.679810e-01
[481] 1.679810e-01 1.681964e-01 1.681964e-01 1.681964e-01 1.690640e-01 1.693818e-01 1.694964e-01 1.704084e-01
[489] 1.705966e-01 1.705966e-01 1.705966e-01 1.705966e-01 1.705966e-01 1.705966e-01 1.705966e-01 1.705966e-01
[497] 1.705966e-01 1.712010e-01 1.723118e-01 1.732041e-01 1.733750e-01 1.733750e-01 1.733750e-01 1.736868e-01
[505] 1.736868e-01 1.736868e-01 1.755446e-01 1.755446e-01 1.756958e-01 1.756958e-01 1.756958e-01 1.756958e-01
[513] 1.756958e-01 1.756958e-01 1.757995e-01 1.757995e-01 1.757995e-01 1.757995e-01 1.757995e-01 1.757995e-01
[521] 1.757995e-01 1.766647e-01 1.767623e-01 1.784993e-01 1.787921e-01 1.793066e-01 1.793066e-01 1.793066e-01
[529] 1.797224e-01 1.797224e-01 1.799036e-01 1.799036e-01 1.799036e-01 1.799036e-01 1.799036e-01 1.799036e-01
[537] 1.799036e-01 1.800515e-01 1.800515e-01 1.801835e-01 1.826232e-01 1.826232e-01 1.826232e-01 1.826232e-01
[545] 1.826232e-01 1.830349e-01 1.830349e-01 1.838814e-01 1.838814e-01 1.838814e-01 1.838814e-01 1.841072e-01
[553] 1.845872e-01 1.866965e-01 1.866965e-01 1.877706e-01 1.877706e-01 1.877706e-01 1.877706e-01 1.878375e-01
[561] 1.880027e-01 1.880027e-01 1.883304e-01 1.896762e-01 1.896762e-01 1.898183e-01 1.900846e-01 1.901191e-01
[569] 1.901708e-01 1.902853e-01 1.904391e-01 1.904391e-01 1.922710e-01 1.939512e-01 1.939512e-01 1.947524e-01
[577] 1.949003e-01 1.950907e-01 1.950907e-01 1.963018e-01 1.963018e-01 1.963018e-01 1.963018e-01 1.963018e-01
[585] 1.963018e-01 1.963018e-01 1.963018e-01 1.993147e-01 1.993147e-01 1.993147e-01 1.999075e-01 1.999075e-01
[593] 1.999075e-01
> length(list_differential_pval)
[1] 593
> #The length of this vector is 593 which is the same number of genes showed by the apply() method as differentially expressed
> 
> 
> raw_pvalue <- result
> gene_names
[[1]]
   [1] "1000_at"     "1001_at"     "1003_s_at"   "1004_at"     "1005_at"     "1007_s_at"   "1008_f_at"  
   [8] "1009_at"     "1010_at"     "1011_s_at"   "1012_at"     "1013_at"     "1014_at"     "1015_s_at"  
  [15] "1017_at"     "1018_at"     "101_at"      "1020_s_at"   "1021_at"     "1026_s_at"   "1028_at"    
  [22] "1029_s_at"   "102_at"      "1030_s_at"   "1031_at"     "1032_at"     "1033_g_at"   "1036_at"    
  [29] "1038_s_at"   "1039_s_at"   "103_at"      "1041_at"     "1044_s_at"   "1045_s_at"   "1046_at"    
  [36] "1047_s_at"   "1049_g_at"   "104_at"      "1050_at"     "1051_g_at"   "1052_s_at"   "1053_at"    
  [43] "1054_at"     "1055_g_at"   "1056_s_at"   "1057_at"     "1060_g_at"   "1061_at"     "1062_g_at"  
  [50] "1064_at"     "1065_at"     "1066_at"     "1067_at"     "1068_g_at"   "1069_at"     "106_at"     
  [57] "1070_at"     "1071_at"     "1072_g_at"   "1073_at"     "1074_at"     "1076_at"     "1077_at"    
  [64] "1079_g_at"   "1081_at"     "1083_s_at"   "1084_at"     "1085_s_at"   "1086_at"     "1087_at"    
  [71] "1089_i_at"   "1090_f_at"   "1093_at"     "1094_g_at"   "1096_g_at"   "1097_s_at"   "109_at"     
  [78] "1100_at"     "1102_s_at"   "1103_at"     "1104_s_at"   "1105_s_at"   "1106_s_at"   "1107_s_at"  
  [85] "1109_s_at"   "1110_at"     "1112_g_at"   "1113_at"     "1115_at"     "1116_at"     "1117_at"    
  [92] "1118_at"     "1119_at"     "111_at"      "1120_at"     "1121_g_at"   "1124_at"     "1125_s_at"  
  [99] "1126_s_at"   "1127_at"     "112_g_at"    "1130_at"     "1131_at"     "1133_at"     "1134_at"    
 [106] "1135_at"     "1136_at"     "1138_at"     "1139_at"     "113_i_at"    "1140_at"     "1145_g_at"  
 [113] "1146_at"     "1149_at"     "114_r_at"    "1150_at"     "1151_at"     "1152_i_at"   "1154_at"    
 [120] "1155_at"     "1156_at"     "1157_s_at"   "1158_s_at"   "115_at"      "1160_at"     "1161_at"    
 [127] "1162_g_at"   "1164_at"     "1165_at"     "1166_at"     "1168_at"     "1169_at"     "116_at"     
 [134] "1171_s_at"   "1173_g_at"   "1175_s_at"   "1178_at"     "1179_at"     "117_at"      "1180_g_at"  
 [141] "1181_at"     "1183_at"     "1184_at"     "1185_at"     "1188_g_at"   "1189_at"     "118_at"     
 [148] "1191_s_at"   "1192_at"     "1194_g_at"   "1195_s_at"   "1196_at"     "1197_at"     "1198_at"    
 [155] "1199_at"     "1200_at"     "1201_at"     "1202_g_at"   "1204_at"     "1206_at"     "1207_at"    
 [162] "1209_at"     "1211_s_at"   "1212_at"     "1213_at"     "1214_s_at"   "1217_g_at"   "1218_at"    
 [169] "1219_at"     "1220_g_at"   "1221_at"     "1222_at"     "1223_at"     "1224_at"     "1225_g_at"  
 [176] "1226_at"     "1227_g_at"   "1228_s_at"   "1229_at"     "1230_g_at"   "1231_at"     "1235_at"    
 [183] "1237_at"     "1238_at"     "1239_s_at"   "1241_at"     "1242_at"     "1243_at"     "1244_at"    
 [190] "1245_i_at"   "1246_at"     "1247_g_at"   "1248_at"     "1249_at"     "1250_at"     "1251_g_at"  
 [197] "1252_at"     "1253_at"     "1256_at"     "1257_s_at"   "1258_s_at"   "1259_at"     "1260_s_at"  
 [204] "1261_i_at"   "1264_at"     "1265_g_at"   "1267_at"     "1268_at"     "1269_at"     "1271_g_at"  
 [211] "1272_at"     "1273_r_at"   "1274_s_at"   "1280_i_at"   "1281_f_at"   "1282_s_at"   "1283_at"    
 [218] "1284_at"     "1285_at"     "1287_at"     "1288_s_at"   "128_at"      "1290_g_at"   "1291_s_at"  
 [225] "1292_at"     "1294_at"     "1295_at"     "1297_at"     "1299_at"     "129_g_at"    "1303_at"    
 [232] "1305_s_at"   "1306_at"     "1307_at"     "1309_at"     "130_s_at"    "1310_at"     "1311_at"    
 [239] "1312_at"     "1313_at"     "1314_at"     "1315_at"     "1318_at"     "131_at"      "1323_at"    
 [246] "1325_at"     "1326_at"     "1327_s_at"   "1329_s_at"   "1330_at"     "1331_s_at"   "1332_f_at"  
 [253] "1333_f_at"   "1335_at"     "1336_s_at"   "1337_s_at"   "1338_s_at"   "133_at"      "1341_at"    
 [260] "1342_g_at"   "1344_at"     "1345_s_at"   "1346_at"     "1347_at"     "1348_s_at"   "134_at"     
 [267] "1351_at"     "1353_g_at"   "1356_at"     "1357_at"     "1358_s_at"   "1361_at"     "1362_s_at"  
 [274] "1364_at"     "1365_at"     "1366_i_at"   "1367_f_at"   "1368_at"     "1369_s_at"   "136_at"     
 [281] "1370_at"     "1372_at"     "1373_at"     "1374_g_at"   "1375_s_at"   "1376_at"     "1377_at"    
 [288] "1378_g_at"   "137_at"      "1382_at"     "1383_at"     "1385_at"     "1387_at"     "1388_g_at"  
 [295] "1389_at"     "138_at"      "1392_at"     "1394_at"     "1395_at"     "1397_at"     "1398_g_at"  
 [302] "1399_at"     "1402_at"     "1403_s_at"   "1404_r_at"   "1405_i_at"   "1407_g_at"   "1409_at"    
 [309] "140_s_at"    "1411_at"     "1412_g_at"   "1415_at"     "1418_at"     "141_s_at"    "1420_s_at"  
 [316] "1421_at"     "1422_g_at"   "1423_at"     "1424_s_at"   "1426_at"     "1427_g_at"   "1428_at"    
 [323] "142_at"      "1430_at"     "1432_s_at"   "1433_g_at"   "1434_at"     "1436_at"     "1438_at"    
 [330] "1439_s_at"   "143_s_at"    "1440_s_at"   "1441_s_at"   "1442_at"     "1443_at"     "1444_at"    
 [337] "1445_at"     "1446_at"     "1447_at"     "1448_at"     "1449_at"     "1450_g_at"   "1452_at"    
 [344] "1453_at"     "1454_at"     "1456_s_at"   "1457_at"     "1459_at"     "1460_g_at"   "1461_at"    
 [351] "1462_s_at"   "1463_at"     "1467_at"     "1468_at"     "1469_at"     "146_at"      "1470_at"    
 [358] "1471_at"     "1472_g_at"   "1473_s_at"   "1474_s_at"   "1475_s_at"   "1476_s_at"   "1477_s_at"  
 [365] "1478_at"     "1479_g_at"   "147_at"      "1480_at"     "1481_at"     "1482_g_at"   "1483_at"    
 [372] "1486_at"     "1488_at"     "1489_s_at"   "148_at"      "1490_at"     "1491_at"     "1493_r_at"  
 [379] "1494_f_at"   "1496_at"     "1497_at"     "1498_at"     "1499_at"     "149_at"      "1500_at"    
 [386] "1503_at"     "1504_s_at"   "1505_at"     "1506_at"     "1508_at"     "1510_g_at"   "1511_at"    
 [393] "1512_at"     "1513_at"     "1515_at"     "1516_g_at"   "1518_at"     "1519_at"     "151_s_at"   
 [400] "1520_s_at"   "1521_at"     "1522_at"     "1525_s_at"   "1526_i_at"   "1527_s_at"   "1528_at"    
 [407] "1529_at"     "152_f_at"    "1530_g_at"   "1532_g_at"   "1533_at"     "1535_at"     "1536_at"    
 [414] "1539_at"     "153_f_at"    "1544_at"     "1545_g_at"   "1547_at"     "1548_s_at"   "1549_s_at"  
 [421] "154_at"      "1550_at"     "1551_g_at"   "1552_i_at"   "1553_r_at"   "1556_at"     "1557_at"    
 [428] "1558_g_at"   "1559_at"     "155_s_at"    "1560_g_at"   "1561_at"     "1562_g_at"   "1563_s_at"  
 [435] "1564_at"     "1565_s_at"   "1566_at"     "1568_s_at"   "1569_r_at"   "1570_f_at"   "1571_f_at"  
 [442] "1572_s_at"   "1574_s_at"   "1575_at"     "1576_g_at"   "1579_at"     "157_at"      "1581_s_at"  
 [449] "1583_at"     "1588_at"     "1589_s_at"   "158_at"      "1590_s_at"   "1591_s_at"   "1592_at"    
 [456] "1593_at"     "1594_at"     "1597_at"     "1598_g_at"   "1599_at"     "160022_at"   "160024_at"  
 [463] "160026_at"   "160027_s_at" "160029_at"   "160030_at"   "160032_at"   "160033_s_at" "160038_s_at"
 [470] "160041_at"   "160043_at"   "160044_g_at" "1600_at"     "1601_s_at"   "1602_at"     "1603_g_at"  
 [477] "1604_at"     "1606_at"     "1607_at"     "1608_at"     "160_at"      "1611_s_at"   "1612_s_at"  
 [484] "1614_s_at"   "1615_at"     "1616_at"     "1621_at"     "1622_at"     "1624_at"     "1626_at"    
 [491] "1627_at"     "162_at"      "1630_s_at"   "1631_at"     "1633_g_at"   "1634_s_at"   "1635_at"    
 [498] "1636_g_at"   "1637_at"     "1638_at"     "1639_s_at"   "163_at"      "1640_at"     "1641_s_at"  
 [505] "1642_at"     "1643_g_at"   "1644_at"     "1645_at"     "1647_at"     "1648_at"     "1649_at"    
 [512] "1650_g_at"   "1651_at"     "1652_at"     "1653_at"     "1654_at"     "1656_s_at"   "1659_s_at"  
 [519] "1660_at"     "1661_i_at"   "1662_r_at"   "1664_at"     "1665_s_at"   "1668_s_at"   "166_at"     
 [526] "1670_at"     "1671_s_at"   "1672_f_at"   "1674_at"     "1675_at"     "1676_s_at"   "1677_at"    
 [533] "167_at"      "1680_at"     "1684_s_at"   "1685_at"     "1686_g_at"   "1687_s_at"   "168_at"     
 [540] "1693_s_at"   "1694_s_at"   "1695_at"     "1696_at"     "1698_g_at"   "1700_at"     "1702_at"    
 [547] "1703_g_at"   "1706_at"     "1707_g_at"   "1710_s_at"   "1711_at"     "1712_s_at"   "1713_s_at"  
 [554] "1715_at"     "1717_s_at"   "1718_at"     "1719_at"     "171_at"      "1721_g_at"   "1722_at"    
 [561] "1723_g_at"   "1724_at"     "1725_s_at"   "1726_at"     "1728_at"     "1729_at"     "172_at"     
 [568] "1731_at"     "1736_at"     "1737_s_at"   "1740_g_at"   "1741_s_at"   "1742_at"     "1744_at"    
 [575] "1746_s_at"   "1747_at"     "1748_s_at"   "1749_at"     "174_s_at"    "1750_at"     "1751_g_at"  
 [582] "1752_at"     "1753_s_at"   "1754_at"     "1755_i_at"   "175_s_at"    "1760_s_at"   "1764_s_at"  
 [589] "1768_s_at"   "1769_at"     "176_at"      "1771_s_at"   "1772_s_at"   "1773_at"     "1774_at"    
 [596] "1775_at"     "1776_at"     "1777_at"     "1779_s_at"   "177_at"      "1780_at"     "1781_at"    
 [603] "1782_s_at"   "1784_s_at"   "1785_at"     "1786_at"     "1787_at"     "1788_s_at"   "1789_at"    
 [610] "178_f_at"    "1790_s_at"   "1791_s_at"   "1792_g_at"   "1793_at"     "1794_at"     "1795_g_at"  
 [617] "1796_s_at"   "1797_at"     "1798_at"     "179_at"      "1801_at"     "1802_s_at"   "1803_at"    
 [624] "1804_at"     "1808_s_at"   "1809_at"     "180_at"      "1810_s_at"   "1813_at"     "1814_at"    
 [631] "1815_g_at"   "1816_at"     "1817_at"     "1818_at"     "1819_at"     "181_g_at"    "1820_g_at"  
 [638] "1821_at"     "1822_at"     "1823_g_at"   "1824_s_at"   "1825_at"     "1826_at"     "1827_s_at"  
 [645] "182_at"      "1830_s_at"   "1833_at"     "1834_at"     "1836_at"     "1837_at"     "1838_g_at"  
 [652] "1839_at"     "1840_g_at"   "1842_at"     "1843_at"     "1844_s_at"   "1846_at"     "1848_at"    
 [659] "1849_s_at"   "1850_at"     "1852_at"     "1853_at"     "1854_at"     "1856_at"     "1857_at"    
 [666] "1859_s_at"   "1860_at"     "1861_at"     "1862_at"     "1863_s_at"   "1866_g_at"   "1867_at"    
 [673] "1868_g_at"   "1869_at"     "1870_at"     "1873_at"     "1874_at"     "1875_f_at"   "1876_at"    
 [680] "1877_g_at"   "1878_g_at"   "1879_at"     "187_at"      "1880_at"     "1881_at"     "1882_g_at"  
 [687] "1884_s_at"   "1885_at"     "1886_at"     "188_at"      "1891_at"     "1892_s_at"   "1894_f_at"  
 [694] "1895_at"     "1896_s_at"   "1897_at"     "1898_at"     "189_s_at"    "1900_at"     "1902_at"    
 [701] "1903_at"     "1904_at"     "1905_s_at"   "1906_at"     "1907_at"     "1909_at"     "190_at"     
 [708] "1910_s_at"   "1911_s_at"   "1912_s_at"   "1913_at"     "1914_at"     "1915_s_at"   "1916_s_at"  
 [715] "1917_at"     "1918_at"     "1919_at"     "1920_s_at"   "1922_g_at"   "1924_at"     "1925_at"    
 [722] "1926_at"     "1927_s_at"   "1928_s_at"   "1929_at"     "192_at"      "1930_at"     "1933_g_at"  
 [729] "1935_at"     "1936_s_at"   "1937_at"     "1939_at"     "193_at"      "1940_at"     "1942_s_at"  
 [736] "1943_at"     "1944_f_at"   "1945_at"     "1946_at"     "1947_g_at"   "1948_f_at"   "1950_s_at"  
 [743] "1951_at"     "1952_s_at"   "1953_at"     "1956_s_at"   "1959_at"     "195_s_at"    "1961_f_at"  
 [750] "1962_at"     "1964_g_at"   "1965_s_at"   "1966_i_at"   "1968_g_at"   "1969_s_at"   "1970_s_at"  
 [757] "1971_g_at"   "1973_s_at"   "1974_s_at"   "1975_s_at"   "1976_s_at"   "1979_s_at"   "197_at"     
 [764] "1980_s_at"   "1981_s_at"   "1983_at"     "1984_s_at"   "1985_s_at"   "1986_at"     "1987_at"    
 [771] "1988_at"     "198_g_at"    "1990_g_at"   "1991_s_at"   "1992_at"     "1994_at"     "1995_at"    
 [778] "1997_s_at"   "1998_i_at"   "1999_s_at"   "199_s_at"    "2000_at"     "2001_g_at"   "2002_s_at"  
 [785] "2003_s_at"   "2004_at"     "2008_s_at"   "2009_at"     "2010_at"     "2011_s_at"   "2012_s_at"  
 [792] "2013_at"     "2015_s_at"   "2016_s_at"   "2017_s_at"   "2019_s_at"   "201_s_at"    "2020_at"    
 [799] "2021_s_at"   "2024_s_at"   "2025_s_at"   "2026_at"     "2028_s_at"   "202_at"      "2030_at"    
 [806] "2031_s_at"   "2032_s_at"   "2033_s_at"   "2034_s_at"   "2035_s_at"   "2036_s_at"   "2037_s_at"  
 [813] "2038_g_at"   "2039_s_at"   "203_at"      "2040_s_at"   "2041_i_at"   "2042_s_at"   "2043_s_at"  
 [820] "2044_s_at"   "2045_s_at"   "2046_at"     "2047_s_at"   "2049_s_at"   "204_at"      "2050_s_at"  
 [827] "2051_at"     "2052_g_at"   "2053_at"     "2054_g_at"   "2056_at"     "2057_g_at"   "2059_s_at"  
 [834] "2060_at"     "2061_at"     "2062_at"     "2063_at"     "2064_g_at"   "2065_s_at"   "2067_f_at"  
 [841] "2068_s_at"   "2069_s_at"   "206_at"      "2075_s_at"   "2076_s_at"   "2077_at"     "2079_s_at"  
 [848] "207_at"      "2083_at"     "2085_s_at"   "2086_s_at"   "2087_s_at"   "2090_i_at"   "2091_at"    
 [855] "2092_s_at"   "2093_s_at"   "2094_s_at"   "209_at"      "210_at"      "211_at"      "213_at"     
 [862] "214_at"      "215_g_at"    "216_at"      "218_at"      "220_r_at"    "222_at"      "223_at"     
 [869] "224_at"      "225_at"      "226_at"      "227_g_at"    "228_at"      "229_at"      "230_s_at"   
 [876] "232_at"      "237_s_at"    "238_at"      "239_at"      "241_g_at"    "242_at"      "243_g_at"   
 [883] "244_at"      "245_at"      "246_at"      "248_at"      "250_at"      "251_at"      "252_at"     
 [890] "253_g_at"    "254_at"      "256_s_at"    "257_at"      "259_s_at"    "260_at"      "262_at"     
 [897] "263_g_at"    "264_at"      "266_s_at"    "267_at"      "268_at"      "269_at"      "270_at"     
 [904] "271_s_at"    "272_at"      "274_at"      "275_at"      "276_at"      "277_at"      "279_at"     
 [911] "280_g_at"    "281_s_at"    "283_at"      "284_at"      "285_g_at"    "286_at"      "287_at"     
 [918] "288_s_at"    "289_at"      "292_s_at"    "293_at"      "294_s_at"    "295_s_at"    "296_at"     
 [925] "297_g_at"    "298_at"      "300_f_at"    "301_at"      "303_at"      "305_g_at"    "306_s_at"   
 [932] "307_at"      "312_s_at"    "31307_at"    "31312_at"    "31314_at"    "31315_at"    "31323_r_at" 
 [939] "31330_at"    "31336_at"    "31337_at"    "31341_at"    "31342_at"    "31349_at"    "31352_at"   
 [946] "31353_f_at"  "31354_r_at"  "31355_at"    "31356_at"    "31361_at"    "31362_at"    "31363_at"   
 [953] "31364_i_at"  "31366_at"    "31367_at"    "31368_at"    "31371_at"    "31374_at"    "31376_at"   
 [960] "31377_r_at"  "31378_at"    "31379_at"    "31381_at"    "31385_at"    "31386_at"    "31387_at"   
 [967] "31390_at"    "31393_r_at"  "31394_at"    "31395_i_at"  "31402_at"    "31404_at"    "31407_at"   
 [974] "31408_at"    "31411_at"    "31413_at"    "31416_at"    "31417_at"    "31419_r_at"  "31420_at"   
 [981] "31421_at"    "31427_at"    "31428_at"    "31431_at"    "31432_g_at"  "31436_s_at"  "31437_r_at" 
 [988] "31439_f_at"  "31441_at"    "31444_s_at"  "31445_at"    "31446_s_at"  "31448_s_at"  "31449_at"   
 [995] "31450_s_at"  "31451_at"    "31453_s_at"  "31455_r_at"  "31456_at"    "31458_at"   
 [ reached getOption("max.print") -- omitted 7812 entries ]

> set_name <- data.frame(raw_pvalue,gene_names)
> set_name = order(set_name)
> #The first 593 numbers are the row numbers in the ordered set, that give the differentially expressed genes ordered in ascending order
> list_gene_index = NULL
> for (i in 1:593){
+   list_gene_index = append(list_gene_index,set_name[i])
+ }
> list_gene_index
  [1] 2105 1736 8038 8279 3915 5542 4361 3806  901  376  642  966 2019  117 1281 5000 5894 1092 1943 3016
 [21] 2812  649 5691 5746  448 6201 1812 2415 6340  163 3583 4055 4869 1442 1713 2510 2960 3433 3153 2945
 [41] 7605   30 3869 2150 2716 1566 2556 3355 3781 8364  183  503 7391  180 7596 6547 8149 4664 8106 7186
 [61] 5245 3411 4321 2193 2317 2917 3857  104 5252 2448 5547 3689 1413 7005 2925 7112 8214   19 4257 3690
 [81]  269 6232 3155 2514 4023 1906 7988 5825 1246 7309 1463 5406 6606 1115 3295 2248 1462 1346 6810 4760
[101]  459 4839 7471 1213 7201 2204  634 1797  773 1684 4614 7135 7223 4083 7944 1038 1203 6341  326 3987
[121] 3401 4647  909 1859 8200 6590 1617 2708 7507 5309 5471 2870 5136 6666 5979 5467 1064 5229 8407 8258
[141] 7672 4857 1894 4513 8787  609 4518 7412 5950 8019 3698 5291 5011 4119 6669 3721 7860 5058 5957 4509
[161] 6722 3341 4670 4964 6954 5479 7477 5888 6263 3438 6261 1041 5884 7208  754 1539 7400 2800 5160 4630
[181] 4871 7768 4389 3759 5607 1773 4530 2095 3294  999 4359 5182 8726  706  140 1343 2959 2660 4058 1827
[201] 5655 5034 7289 3695 4044 4264 4988 3186 4993 5018 5966 4465 4118 1379 1066 5564 5258   61 6476 2951
[221] 3394 5724 3789 1577 2937 8044 4638 2442 6499 3520  851 6567 5644 6732 3055 7160 1691 6019 3515 4801
[241] 3481 2700   41 8267  282 6357 4942  286 4539 8581  732 6325 3902   98 4254 3337  433 3027 5026 5673
[261] 8227 3291 5536 4582 5212 4089  395 5082 4633 2341 3934 2245 3928 6775 2613 6859 5663 5895 5977 4446
[281] 1297 1526 6229 2557 6271 8463 1152 3198 8358 8208 5755 5378 5414 2549 2726 2072 8441 3875 2942 4227
[301] 5465 8292 6776 3886 7720 2005  544 7730 5815  968 6736  607 4777 8382 4955  473 2077  762 4400 1866
[321]  336 8004 7536 5434 8046 4843 5089 8406 5385 3605 6483 3501 1386 1397 6745 6944 8169 8576 6457 2521
[341] 5015 5227 2395 6469 5798 8045 6488 3192 6493 2437 8512 3514 6435 4147 3454 4052 2310  911 3785 6611
[361] 4386  869 8228 2898 5792 2950 7288   88  181 8593 7383 6790 7028  240  160 8523 1378 2559 6115 8521
[381]  831 6087 6296  943  529 8024 4947 5803 1651 8653 2683 4458 8151 6129 7753 6648 4844 1942 1872 6534
[401] 2558 2461 4493 7543   17  738 8724 6332 8083 6494 8658 8097 3691 2778 4453 7842  713 4298  513 8289
[421] 5820 7214 5621 8039 1491 5963  130 2981 3647   33 4627 4181  896 5031  651 7783 7702 8460 5613  492
[441] 5463  265 2217 2825 4006 2038  468 8229 3538 3598 3641 8534 1504 8264 5729 8305 5620 3563 2813 3819
[461] 4919 1353 8660 3601 5996 7489 3585  828 4235 2895 7174 2568 3242 4551 7401 3448  794 4697 4605 5554
[481] 8028  489 4579 2250  814 7835 4816  105 7740 2402 4621 8744 4678 5775 1960 2015 5094 1570 7434 5028
[501] 5330 7568 6701 2808 2292  780 7530 3345 4171 7461 5777 2909 6380 2685 2174 4905 3284 7743  672 4484
[521] 4302 8775 1955 3562 8641 1029 6759 1902 5057 8345 2515  182 8330 4933  399 3232 4679 4931 8484 6990
[541] 4602 7920 2583  510 8035 7735  859 1862 2024 5318 2458 7526 5582 8016 2994 8418 7975 3540 5999 4021
[561]   34 8506 3060 3811 4317 8049 5481 7022 5648 3908 5786 6925 5976 4976 4497 3959 5237 8733 5961 4632
[581] 5041 5709 4342 3474 1267 6694 4478 8583 8355    9 4819 6247 5829
> #This list contains the list of indexes of the genes in the ALLsfilt data that are differentially expressed.
